{
  "fileReports" : [
    {
      "appliedOperators" : [
        {
          "id" : "Negate Conditionals",
          "position" : {
            "column" : 23,
            "line" : 64,
            "utf8Offset" : 2075
          },
          "testSuiteOutcome" : "runtimeError"
        },
        {
          "id" : "Negate Conditionals",
          "position" : {
            "column" : 46,
            "line" : 64,
            "utf8Offset" : 2098
          },
          "testSuiteOutcome" : "failed"
        },
        {
          "id" : "Negate Conditionals",
          "position" : {
            "column" : 29,
            "line" : 68,
            "utf8Offset" : 2282
          },
          "testSuiteOutcome" : "runtimeError"
        }
      ],
      "fileName" : "FFCParserCombinator.swift",
      "mutationScore" : 100
    },
    {
      "appliedOperators" : [
        {
          "id" : "Negate Conditionals",
          "position" : {
            "column" : 73,
            "line" : 89,
            "utf8Offset" : 3211
          },
          "testSuiteOutcome" : "runtimeError"
        },
        {
          "id" : "Negate Conditionals",
          "position" : {
            "column" : 54,
            "line" : 144,
            "utf8Offset" : 4763
          },
          "testSuiteOutcome" : "runtimeError"
        },
        {
          "id" : "Negate Conditionals",
          "position" : {
            "column" : 38,
            "line" : 168,
            "utf8Offset" : 5536
          },
          "testSuiteOutcome" : "runtimeError"
        },
        {
          "id" : "Negate Conditionals",
          "position" : {
            "column" : 42,
            "line" : 204,
            "utf8Offset" : 6812
          },
          "testSuiteOutcome" : "runtimeError"
        },
        {
          "id" : "Negate Conditionals",
          "position" : {
            "column" : 48,
            "line" : 210,
            "utf8Offset" : 7077
          },
          "testSuiteOutcome" : "failed"
        },
        {
          "id" : "Negate Conditionals",
          "position" : {
            "column" : 76,
            "line" : 210,
            "utf8Offset" : 7105
          },
          "testSuiteOutcome" : "failed"
        },
        {
          "id" : "Negate Conditionals",
          "position" : {
            "column" : 106,
            "line" : 210,
            "utf8Offset" : 7135
          },
          "testSuiteOutcome" : "failed"
        }
      ],
      "fileName" : "StringParsing.swift",
      "mutationScore" : 100
    }
  ],
  "globalMutationScore" : 100,
  "numberOfKilledMutants" : 10,
  "totalAppliedMutationOperators" : 10
}